{
  "schema_version": "1.0",
  "generated_at": "2026-09-13T11:45:27.531801+00:00",
  "user_language": "zh-CN",
  "target_repo": "D:\\test_projects\\ai-paper-reproduction-skill\\repro_outputs\\skill-acceptance-20260913-v2\\missing_asset\\repo",
  "readme_first": true,
  "lane": "trusted",
  "selected_goal": "evaluation",
  "goal_priority": "evaluation",
  "execution_skill": "minimal-run-and-audit",
  "planned_skill_chain": [
    "repo-intake-and-plan",
    "env-and-assets-bootstrap",
    "minimal-run-and-audit"
  ],
  "stage_results": [
    {
      "stage": "repo-intake-and-plan",
      "status": "success",
      "detail": "Repository metadata and README commands were inspected."
    },
    {
      "stage": "env-and-assets-bootstrap",
      "status": "success",
      "detail": "Setup plan and asset manifest were generated without installing dependencies.",
      "outputs": [
        "D:\\test_projects\\ai-paper-reproduction-skill\\repro_outputs\\skill-acceptance-20260913-v2\\missing_asset\\artifacts\\assets\\asset_manifest.json"
      ]
    },
    {
      "stage": "minimal-run-and-audit",
      "status": "partial",
      "detail": "Selected documented command was attempted."
    }
  ],
  "status": "partial",
  "documented_command_status": "partial",
  "documented_command": "python evaluate.py",
  "documented_command_kind": "run",
  "documented_command_source": "code_block",
  "documented_command_section": "Evaluation",
  "documented_command_source_file": null,
  "requires_substitution": false,
  "goal_candidates": [
    {
      "command": "python evaluate.py",
      "category": "evaluation",
      "score": 56,
      "needs_substitution": false,
      "feasible": true,
      "feasibility_reason": "no static prerequisite blocker detected"
    },
    {
      "command": "python prepare_data.py",
      "category": "other",
      "score": 48,
      "needs_substitution": false,
      "feasible": true,
      "feasibility_reason": "no static prerequisite blocker detected"
    }
  ],
  "evidence_level": "direct",
  "result_summary": "选定的文档命令已启动，但未完整成功结束。",
  "main_blocker": "选定的文档命令以退出码 1 结束。",
  "next_action": "先准备环境与资源，再重试该文档命令。",
  "next_safe_action": "Review setup assumptions and confirm the next documented command before making any semantic changes.",
  "setup_commands": [
    {
      "label": "inferred",
      "command": "python -m venv .venv",
      "platforms": [
        "windows",
        "macos",
        "linux"
      ],
      "execution_status": "not_run"
    },
    {
      "label": "inferred",
      "command": ".\\.venv\\Scripts\\Activate.ps1",
      "platforms": [
        "windows"
      ],
      "execution_status": "not_run"
    },
    {
      "label": "inferred",
      "command": "source .venv/bin/activate",
      "platforms": [
        "macos",
        "linux"
      ],
      "execution_status": "not_run"
    }
  ],
  "asset_commands": [
    {
      "label": "documented",
      "execution_status": "not_run",
      "command": "# 来自 README.md 的资源线索：config.json；准备前先确认是否与选定命令相关。"
    }
  ],
  "run_commands": [
    {
      "label": "documented",
      "command": "python evaluate.py",
      "execution_status": "failed",
      "execution_evidence": "D:\\test_projects\\ai-paper-reproduction-skill\\repro_outputs\\skill-acceptance-20260913-v2\\missing_asset\\evidence\\_runtime\\20260913T114527Z-a0de8630\\state.json"
    }
  ],
  "verification_commands": [],
  "command_notes": [
    "README 路径：D:\\test_projects\\ai-paper-reproduction-skill\\repro_outputs\\skill-acceptance-20260913-v2\\missing_asset\\repo\\README.md",
    "检测到的顶层条目：README.md, config.json, evaluate.py, prepare_data.py",
    "Defaulted to a virtualenv fallback because no environment file was detected.",
    "主运行标签：来自 README 的 documented（code_block），章节 `Evaluation`",
    "Planned skill chain: repo-intake-and-plan, env-and-assets-bootstrap, minimal-run-and-audit",
    "未执行单独的验证命令。内置指标比较状态为 `mismatched`；期望值与容差见 `status.json.result_match`。"
  ],
  "command_reporting": {
    "setup": "not_run",
    "assets": "not_run",
    "main_run": "failed",
    "verification": "not_run"
  },
  "setup_advisories": [
    "No top-level environment specification file was found."
  ],
  "timeline": [
    "已扫描仓库结构和关键元数据文件。",
    "已提取 README 中的代码块和 shell 风格命令。",
    "已将 `evaluation` 选为最小可信目标。",
    "已准备保守的环境与资源假设。",
    "已尝试选定的文档命令。"
  ],
  "assumptions": [
    "README remains the primary source of truth.",
    "Environment creation should prefer isolated setup before any semantic code changes.",
    "Model architecture should remain unchanged unless the researcher explicitly requests otherwise."
  ],
  "unverified_inferences": [
    "Asset and dataset hints remain conservative until the repo or README confirms the exact path layout."
  ],
  "evidence": [
    "检测到的文件：README.md",
    "命令分类：{\"other\": 1, \"evaluation\": 1}",
    "已选命令类型：run",
    "Asset hints detected: 1"
  ],
  "blockers": [
    "选定的文档命令以退出码 1 结束。"
  ],
  "protocol_deviations": [],
  "human_decisions_required": [
    "调整命令、依赖或影响实验协议的设置前，请先检查阻塞原因。"
  ],
  "artifact_provenance": [
    {
      "artifact": "readme",
      "source": "D:\\test_projects\\ai-paper-reproduction-skill\\repro_outputs\\skill-acceptance-20260913-v2\\missing_asset\\repo\\README.md",
      "kind": "repo_file"
    },
    {
      "artifact": "documented_command",
      "source": "code_block",
      "kind": "readme_extraction"
    },
    {
      "artifact": "environment_plan",
      "source": "inferred",
      "kind": "setup_plan"
    },
    {
      "artifact": "asset_manifest",
      "source": "artifacts/assets/asset_manifest.json",
      "kind": "generated"
    },
    {
      "artifact": "output_dir",
      "source": "repro_outputs/",
      "kind": "generated"
    }
  ],
  "notes": [
    "Defaulted to a virtualenv fallback because no environment file was detected.",
    "STDERR:\nTraceback (most recent call last):\n  File \"D:\\test_projects\\ai-paper-reproduction-skill\\repro_outputs\\skill-acceptance-20260913-v2\\missing_asset\\repo\\evaluate.py\", line 11, in <module>\n    with dataset.open(encoding=\"utf-8\", newline=\"\") as stream:\n         ^^^^^^^^^^^^^^^^^^^^^^^^^^^^^^^^^^^^^^^^^^\n  File \"D:\\Anaconda3\\Lib\\pathlib.py\", line 1013, in open\n    return io.open(self, mode, buffering, encoding, errors, newline)\n           ^^^^^^^^^^^^^^^^^^^^^^^^^^^^^^^^^^^^^^^^^^^^^^^^^^^^^^^^^\nFileNotFoundError: [Errno 2] No such file or directory: 'D:\\\\test_projects\\\\ai-paper-reproduction-skill\\\\repro_outputs\\\\skill-acceptance-20260913-v2\\\\missing_asset\\\\repo\\\\data\\\\samples.csv'"
  ],
  "patches_applied": false,
  "patch_branch": "",
  "readme_fidelity": "preserved",
  "highest_patch_risk": "low",
  "verified_commits": [],
  "validation_summary": "",
  "patch_notes": [],
  "full_training_authorized": false,
  "requires_full_training_confirmation": false,
  "run_mode": null,
  "resume_from": null,
  "dataset": "config.json",
  "checkpoint_source": "config.json",
  "full_training_command": null,
  "training_duration_hint": null,
  "max_steps": null,
  "completed_steps": null,
  "best_metric": null,
  "best_checkpoint": null,
  "stop_reason": null,
  "last_epoch": null,
  "last_step": null,
  "observed_metrics": {},
  "result_match": {
    "status": "mismatched",
    "reason": "At least one expected metric is missing or outside tolerance.",
    "absolute_tolerance": 1e-12,
    "comparisons": [
      {
        "metric": "mse",
        "expected": 0.0,
        "observed": null,
        "absolute_error": null,
        "within_tolerance": false,
        "reason": "metric_not_observed"
      }
    ]
  },
  "checkpoint_candidates": [],
  "monitoring_scope": null,
  "execution_mode": "direct",
  "runtime_run_id": "20260913T114527Z-a0de8630",
  "runtime_dir": "D:\\test_projects\\ai-paper-reproduction-skill\\repro_outputs\\skill-acceptance-20260913-v2\\missing_asset\\evidence\\_runtime\\20260913T114527Z-a0de8630",
  "runtime_status": "failed",
  "runtime_state_path": "D:\\test_projects\\ai-paper-reproduction-skill\\repro_outputs\\skill-acceptance-20260913-v2\\missing_asset\\evidence\\_runtime\\20260913T114527Z-a0de8630\\state.json",
  "runtime_events_path": "D:\\test_projects\\ai-paper-reproduction-skill\\repro_outputs\\skill-acceptance-20260913-v2\\missing_asset\\evidence\\_runtime\\20260913T114527Z-a0de8630\\events.jsonl",
  "stdout_log_path": "D:\\test_projects\\ai-paper-reproduction-skill\\repro_outputs\\skill-acceptance-20260913-v2\\missing_asset\\evidence\\_runtime\\20260913T114527Z-a0de8630\\stdout.log",
  "stderr_log_path": "D:\\test_projects\\ai-paper-reproduction-skill\\repro_outputs\\skill-acceptance-20260913-v2\\missing_asset\\evidence\\_runtime\\20260913T114527Z-a0de8630\\stderr.log",
  "stdout_truncated": false,
  "stderr_truncated": false,
  "cancelled": false,
  "duration_seconds": 0.125,
  "runtime_attempt": 1,
  "runtime_retry_of": null,
  "resources_log_path": "D:\\test_projects\\ai-paper-reproduction-skill\\repro_outputs\\skill-acceptance-20260913-v2\\missing_asset\\evidence\\_runtime\\20260913T114527Z-a0de8630\\resources.jsonl",
  "resource_summary": {
    "scope": "root_process_and_optional_device_global",
    "samples": 1,
    "max_root_process_rss_bytes": 3145728,
    "max_root_process_cpu_seconds": 0.0,
    "gpu_sampling_available": false,
    "max_device_gpu_memory_used_mib": {}
  },
  "model_adapter": {
    "schema_version": "1.0",
    "status": "unconfigured",
    "adapter_id": "external-agent",
    "provider": "host",
    "model": "unspecified",
    "revision": null,
    "capabilities": [],
    "endpoint": null,
    "credential_env": null,
    "parameters": {},
    "metadata": {},
    "fingerprint": "ad285507d7850f1f8108ddd22e965d9fbe8980e71ce91b1769c859a6d733da62"
  },
  "annotated_readme": "D:\\test_projects\\ai-paper-reproduction-skill\\repro_outputs\\skill-acceptance-20260913-v2\\missing_asset\\evidence\\ANNOTATED_README.md",
  "readme_section_coverage": {
    "success": 0,
    "partial": 1,
    "blocked": 0,
    "decision": 0,
    "info": 1,
    "readonly": 2,
    "total_sections": 4,
    "tiers": {
      "code-development": 1,
      "execution": 1
    },
    "reproduction_score": 0.4,
    "annotation_count": 4,
    "original_sha256": "b6a9322f0fc759985298508f3a91bfad2fd90386dbd818c5ca237ff559796eab",
    "stripped_sha256": "b6a9322f0fc759985298508f3a91bfad2fd90386dbd818c5ca237ff559796eab",
    "round_trip_verified": true,
    "source_readme": "D:\\test_projects\\ai-paper-reproduction-skill\\repro_outputs\\skill-acceptance-20260913-v2\\missing_asset\\repo\\README.md",
    "source_bytes": 1005,
    "source_adjacent_readme": {
      "status": "written",
      "schema_version": "1.0",
      "source_readme": "D:\\test_projects\\ai-paper-reproduction-skill\\repro_outputs\\skill-acceptance-20260913-v2\\missing_asset\\repo\\README.md",
      "path": "D:\\test_projects\\ai-paper-reproduction-skill\\repro_outputs\\skill-acceptance-20260913-v2\\missing_asset\\repo\\RIGORPILOT_README.md",
      "sha256": "7ea315714e009665a5689a2f8d28c6673df0cc20af0aa365aef7d8835e297544",
      "round_trip_verified": true
    }
  },
  "source_adjacent_readme": {
    "status": "written",
    "schema_version": "1.0",
    "source_readme": "D:\\test_projects\\ai-paper-reproduction-skill\\repro_outputs\\skill-acceptance-20260913-v2\\missing_asset\\repo\\README.md",
    "path": "D:\\test_projects\\ai-paper-reproduction-skill\\repro_outputs\\skill-acceptance-20260913-v2\\missing_asset\\repo\\RIGORPILOT_README.md",
    "sha256": "7ea315714e009665a5689a2f8d28c6673df0cc20af0aa365aef7d8835e297544",
    "round_trip_verified": true
  },
  "lesson_recorded": null
}
