{
  "schema_version": "1.0",
  "generated_at": "2026-09-13T11:37:50.984416+00:00",
  "user_language": "zh-CN",
  "target_repo": "D:\\test_projects\\ai-paper-reproduction-skill\\repro_outputs\\skill-acceptance-20260913\\wrong_metric\\repo",
  "readme_first": true,
  "lane": "trusted",
  "selected_goal": "evaluation",
  "goal_priority": "evaluation",
  "execution_skill": "minimal-run-and-audit",
  "planned_skill_chain": [
    "repo-intake-and-plan",
    "env-and-assets-bootstrap",
    "minimal-run-and-audit"
  ],
  "stage_results": [
    {
      "stage": "repo-intake-and-plan",
      "status": "success",
      "detail": "Repository metadata and README commands were inspected."
    },
    {
      "stage": "env-and-assets-bootstrap",
      "status": "success",
      "detail": "Setup plan and asset manifest were generated without installing dependencies.",
      "outputs": [
        "D:\\test_projects\\ai-paper-reproduction-skill\\repro_outputs\\skill-acceptance-20260913\\wrong_metric\\artifacts\\assets\\asset_manifest.json"
      ]
    },
    {
      "stage": "minimal-run-and-audit",
      "status": "partial",
      "detail": "Selected documented command was attempted."
    }
  ],
  "status": "partial",
  "documented_command_status": "success",
  "documented_command": "python evaluate.py",
  "documented_command_kind": "run",
  "documented_command_source": "code_block",
  "documented_command_section": "Evaluation",
  "documented_command_source_file": null,
  "requires_substitution": false,
  "goal_candidates": [
    {
      "command": "python evaluate.py",
      "category": "evaluation",
      "score": 56,
      "needs_substitution": false,
      "feasible": true,
      "feasibility_reason": "no static prerequisite blocker detected"
    }
  ],
  "evidence_level": "direct",
  "result_summary": "文档命令已完成，但显式指标验收未通过；本次结果不能视为复现成功。",
  "main_blocker": "显式指标验收未通过：至少一个期望指标缺失或超出设定的绝对容差。逐项证据见 `status.json.result_match`。",
  "next_action": "检查 `status.json.result_match` 和原始日志，再核对指标名称、数据、预处理、权重与评测条件。不要仅为通过验收而放宽容差或更改期望值。",
  "next_safe_action": "保留验收失败证据，在重试或修改实验协议前检查不匹配原因；命令完成本身不代表已达到期望结果。",
  "setup_commands": [
    {
      "label": "inferred",
      "command": "python -m venv .venv",
      "platforms": [
        "windows",
        "macos",
        "linux"
      ],
      "execution_status": "not_run"
    },
    {
      "label": "inferred",
      "command": ".\\.venv\\Scripts\\Activate.ps1",
      "platforms": [
        "windows"
      ],
      "execution_status": "not_run"
    },
    {
      "label": "inferred",
      "command": "source .venv/bin/activate",
      "platforms": [
        "macos",
        "linux"
      ],
      "execution_status": "not_run"
    }
  ],
  "asset_commands": [
    {
      "label": "inferred",
      "execution_status": "not_run",
      "command": "# 已发现 data 路径：D:\\test_projects\\ai-paper-reproduction-skill\\repro_outputs\\skill-acceptance-20260913\\wrong_metric\\repo\\data；内容及是否适用于当前目标尚未验证。"
    },
    {
      "label": "documented",
      "execution_status": "not_run",
      "command": "# 来自 README.md 的资源线索：config.json；准备前先确认是否与选定命令相关。"
    }
  ],
  "run_commands": [
    {
      "label": "documented",
      "command": "python evaluate.py",
      "execution_status": "success",
      "execution_evidence": "D:\\test_projects\\ai-paper-reproduction-skill\\repro_outputs\\skill-acceptance-20260913\\wrong_metric\\evidence\\_runtime\\20260913T113751Z-db334cb6\\state.json"
    }
  ],
  "verification_commands": [],
  "command_notes": [
    "README 路径：D:\\test_projects\\ai-paper-reproduction-skill\\repro_outputs\\skill-acceptance-20260913\\wrong_metric\\repo\\README.md",
    "检测到的顶层条目：README.md, config.json, data, evaluate.py, prepare_data.py",
    "Defaulted to a virtualenv fallback because no environment file was detected.",
    "主运行标签：来自 README 的 documented（code_block），章节 `Evaluation`",
    "Planned skill chain: repo-intake-and-plan, env-and-assets-bootstrap, minimal-run-and-audit",
    "未执行单独的验证命令。内置指标比较状态为 `mismatched`；期望值与容差见 `status.json.result_match`。"
  ],
  "command_reporting": {
    "setup": "not_run",
    "assets": "not_run",
    "main_run": "success",
    "verification": "not_run"
  },
  "setup_advisories": [
    "No top-level environment specification file was found."
  ],
  "timeline": [
    "已扫描仓库结构和关键元数据文件。",
    "已提取 README 中的代码块和 shell 风格命令。",
    "已将 `evaluation` 选为最小可信目标。",
    "已准备保守的环境与资源假设。",
    "已尝试选定的文档命令。"
  ],
  "assumptions": [
    "README remains the primary source of truth.",
    "Environment creation should prefer isolated setup before any semantic code changes.",
    "Model architecture should remain unchanged unless the researcher explicitly requests otherwise."
  ],
  "unverified_inferences": [
    "Asset and dataset hints remain conservative until the repo or README confirms the exact path layout."
  ],
  "evidence": [
    "检测到的文件：README.md",
    "命令分类：{\"evaluation\": 1}",
    "已选命令类型：run",
    "Asset hints detected: 1"
  ],
  "blockers": [
    "显式指标验收未通过：至少一个期望指标缺失或超出设定的绝对容差。逐项证据见 `status.json.result_match`。"
  ],
  "protocol_deviations": [],
  "human_decisions_required": [
    "接受结果或调整命令前，请按已记录的期望值和实验协议检查缺失或超出容差的指标。"
  ],
  "artifact_provenance": [
    {
      "artifact": "readme",
      "source": "D:\\test_projects\\ai-paper-reproduction-skill\\repro_outputs\\skill-acceptance-20260913\\wrong_metric\\repo\\README.md",
      "kind": "repo_file"
    },
    {
      "artifact": "documented_command",
      "source": "code_block",
      "kind": "readme_extraction"
    },
    {
      "artifact": "environment_plan",
      "source": "inferred",
      "kind": "setup_plan"
    },
    {
      "artifact": "asset_manifest",
      "source": "artifacts/assets/asset_manifest.json",
      "kind": "generated"
    },
    {
      "artifact": "output_dir",
      "source": "repro_outputs/",
      "kind": "generated"
    }
  ],
  "notes": [
    "Defaulted to a virtualenv fallback because no environment file was detected.",
    "STDOUT:\nmse=1.0"
  ],
  "patches_applied": false,
  "patch_branch": "",
  "readme_fidelity": "preserved",
  "highest_patch_risk": "low",
  "verified_commits": [],
  "validation_summary": "",
  "patch_notes": [],
  "full_training_authorized": false,
  "requires_full_training_confirmation": false,
  "run_mode": null,
  "resume_from": null,
  "dataset": "config.json",
  "checkpoint_source": "config.json",
  "full_training_command": null,
  "training_duration_hint": null,
  "max_steps": null,
  "completed_steps": null,
  "best_metric": {
    "name": "mse",
    "value": 1.0
  },
  "best_checkpoint": null,
  "stop_reason": null,
  "last_epoch": null,
  "last_step": null,
  "observed_metrics": {
    "mse": 1.0
  },
  "result_match": {
    "status": "mismatched",
    "reason": "At least one expected metric is missing or outside tolerance.",
    "absolute_tolerance": 1e-12,
    "comparisons": [
      {
        "metric": "mse",
        "observed_name": "mse",
        "expected": 0.0,
        "observed": 1.0,
        "absolute_error": 1.0,
        "within_tolerance": false
      }
    ]
  },
  "checkpoint_candidates": [],
  "monitoring_scope": null,
  "execution_mode": "direct",
  "runtime_run_id": "20260913T113751Z-db334cb6",
  "runtime_dir": "D:\\test_projects\\ai-paper-reproduction-skill\\repro_outputs\\skill-acceptance-20260913\\wrong_metric\\evidence\\_runtime\\20260913T113751Z-db334cb6",
  "runtime_status": "success",
  "runtime_state_path": "D:\\test_projects\\ai-paper-reproduction-skill\\repro_outputs\\skill-acceptance-20260913\\wrong_metric\\evidence\\_runtime\\20260913T113751Z-db334cb6\\state.json",
  "runtime_events_path": "D:\\test_projects\\ai-paper-reproduction-skill\\repro_outputs\\skill-acceptance-20260913\\wrong_metric\\evidence\\_runtime\\20260913T113751Z-db334cb6\\events.jsonl",
  "stdout_log_path": "D:\\test_projects\\ai-paper-reproduction-skill\\repro_outputs\\skill-acceptance-20260913\\wrong_metric\\evidence\\_runtime\\20260913T113751Z-db334cb6\\stdout.log",
  "stderr_log_path": "D:\\test_projects\\ai-paper-reproduction-skill\\repro_outputs\\skill-acceptance-20260913\\wrong_metric\\evidence\\_runtime\\20260913T113751Z-db334cb6\\stderr.log",
  "stdout_truncated": false,
  "stderr_truncated": false,
  "cancelled": false,
  "duration_seconds": 0.125,
  "runtime_attempt": 1,
  "runtime_retry_of": null,
  "resources_log_path": "D:\\test_projects\\ai-paper-reproduction-skill\\repro_outputs\\skill-acceptance-20260913\\wrong_metric\\evidence\\_runtime\\20260913T113751Z-db334cb6\\resources.jsonl",
  "resource_summary": {
    "scope": "root_process_and_optional_device_global",
    "samples": 1,
    "max_root_process_rss_bytes": 2830336,
    "max_root_process_cpu_seconds": 0.0,
    "gpu_sampling_available": false,
    "max_device_gpu_memory_used_mib": {}
  },
  "model_adapter": {
    "schema_version": "1.0",
    "status": "unconfigured",
    "adapter_id": "external-agent",
    "provider": "host",
    "model": "unspecified",
    "revision": null,
    "capabilities": [],
    "endpoint": null,
    "credential_env": null,
    "parameters": {},
    "metadata": {},
    "fingerprint": "ad285507d7850f1f8108ddd22e965d9fbe8980e71ce91b1769c859a6d733da62"
  },
  "annotated_readme": "D:\\test_projects\\ai-paper-reproduction-skill\\repro_outputs\\skill-acceptance-20260913\\wrong_metric\\evidence\\ANNOTATED_README.md",
  "readme_section_coverage": {
    "success": 0,
    "partial": 1,
    "blocked": 0,
    "decision": 0,
    "info": 0,
    "readonly": 3,
    "total_sections": 4,
    "tiers": {
      "execution": 1
    },
    "reproduction_score": 0.5,
    "annotation_count": 4,
    "original_sha256": "d154d23c65fcc253fb7b3ae643fb3ad8ce65f1469d9a5c5b8a848b52921087ff",
    "stripped_sha256": "d154d23c65fcc253fb7b3ae643fb3ad8ce65f1469d9a5c5b8a848b52921087ff",
    "round_trip_verified": true,
    "source_readme": "D:\\test_projects\\ai-paper-reproduction-skill\\repro_outputs\\skill-acceptance-20260913\\wrong_metric\\repo\\README.md",
    "source_bytes": 945,
    "source_adjacent_readme": {
      "status": "written",
      "schema_version": "1.0",
      "source_readme": "D:\\test_projects\\ai-paper-reproduction-skill\\repro_outputs\\skill-acceptance-20260913\\wrong_metric\\repo\\README.md",
      "path": "D:\\test_projects\\ai-paper-reproduction-skill\\repro_outputs\\skill-acceptance-20260913\\wrong_metric\\repo\\RIGORPILOT_README.md",
      "sha256": "8314c042337000f975a008b4316026e2137e8fa3747767e7c94cd3c15f1a092e",
      "round_trip_verified": true
    }
  },
  "source_adjacent_readme": {
    "status": "written",
    "schema_version": "1.0",
    "source_readme": "D:\\test_projects\\ai-paper-reproduction-skill\\repro_outputs\\skill-acceptance-20260913\\wrong_metric\\repo\\README.md",
    "path": "D:\\test_projects\\ai-paper-reproduction-skill\\repro_outputs\\skill-acceptance-20260913\\wrong_metric\\repo\\RIGORPILOT_README.md",
    "sha256": "8314c042337000f975a008b4316026e2137e8fa3747767e7c94cd3c15f1a092e",
    "round_trip_verified": true
  },
  "lesson_recorded": null
}
