{
  "schema_version": "1.0",
  "generated_at": "2026-09-13T12:57:13.323605+00:00",
  "user_language": "zh-CN",
  "target_repo": "D:\\test_projects\\ai-paper-reproduction-skill\\repro_outputs\\fresh-user-20260913\\B\\repo",
  "readme_first": true,
  "lane": "trusted",
  "selected_goal": "evaluation",
  "goal_priority": "evaluation",
  "execution_skill": "minimal-run-and-audit",
  "planned_skill_chain": [
    "repo-intake-and-plan",
    "env-and-assets-bootstrap",
    "minimal-run-and-audit"
  ],
  "stage_results": [
    {
      "stage": "repo-intake-and-plan",
      "status": "success",
      "detail": "Repository metadata and README commands were inspected."
    },
    {
      "stage": "env-and-assets-bootstrap",
      "status": "success",
      "detail": "Setup plan and asset manifest were generated without installing dependencies.",
      "outputs": [
        "D:\\test_projects\\ai-paper-reproduction-skill\\repro_outputs\\fresh-user-20260913\\B\\repo\\artifacts\\assets\\asset_manifest.json"
      ]
    },
    {
      "stage": "minimal-run-and-audit",
      "status": "success",
      "detail": "Selected documented command was attempted."
    }
  ],
  "status": "success",
  "documented_command_status": "success",
  "documented_command": "python -m pytest",
  "documented_command_kind": "run",
  "documented_command_source": "code_block",
  "documented_command_section": "Running tests",
  "documented_command_source_file": null,
  "requires_substitution": false,
  "goal_candidates": [
    {
      "command": "python -m pytest",
      "category": "evaluation",
      "score": 48,
      "needs_substitution": false,
      "feasible": true,
      "feasibility_reason": "no static prerequisite blocker detected"
    },
    {
      "command": "pip install micrograd",
      "category": "other",
      "score": -12,
      "needs_substitution": false,
      "feasible": true,
      "feasibility_reason": "no static prerequisite blocker detected"
    }
  ],
  "evidence_level": "direct",
  "result_summary": "选定的文档命令已成功完成。",
  "main_blocker": "无。",
  "next_action": "检查输出后继续下一步文档化验证。",
  "next_safe_action": "Review generated outputs and confirm that the next documented verification step preserves experiment meaning.",
  "setup_commands": [
    {
      "label": "adapted",
      "command": "python -m venv .venv",
      "platforms": [
        "windows",
        "macos",
        "linux"
      ],
      "execution_status": "not_run"
    },
    {
      "label": "adapted",
      "command": ".\\.venv\\Scripts\\Activate.ps1",
      "platforms": [
        "windows"
      ],
      "execution_status": "not_run"
    },
    {
      "label": "adapted",
      "command": "source .venv/bin/activate",
      "platforms": [
        "macos",
        "linux"
      ],
      "execution_status": "not_run"
    },
    {
      "label": "documented",
      "command": "python -m pip install -e .",
      "platforms": [
        "windows",
        "macos",
        "linux"
      ],
      "execution_status": "not_run"
    }
  ],
  "asset_commands": [],
  "run_commands": [
    {
      "label": "documented",
      "command": "python -m pytest",
      "execution_status": "success",
      "execution_evidence": "D:\\test_projects\\ai-paper-reproduction-skill\\repro_outputs\\fresh-user-20260913\\B\\repo\\repro_outputs\\_runtime\\20260913T125713Z-fd901d8d\\state.json"
    }
  ],
  "verification_commands": [],
  "command_notes": [
    "README 路径：D:\\test_projects\\ai-paper-reproduction-skill\\repro_outputs\\fresh-user-20260913\\B\\repo\\README.md",
    "检测到的顶层条目：.agents, .git, .gitignore, LICENSE, README.md, demo.ipynb, gout.svg, micrograd, moon_mlp.png, puppy.jpg, repro_outputs, setup.py, skills-lock.json, test, trace_graph.ipynb",
    "Environment plan source: setup.py",
    "Detected environment file `setup.py`.",
    "Detected a setup.py-based editable install flow.",
    "主运行标签：来自 README 的 documented（code_block），章节 `Running tests`",
    "Planned skill chain: repo-intake-and-plan, env-and-assets-bootstrap, minimal-run-and-audit",
    "未执行单独的验证命令。内置指标比较状态为 `not_evaluated`；期望值与容差见 `status.json.result_match`。"
  ],
  "command_reporting": {
    "setup": "not_run",
    "assets": "not_run",
    "main_run": "success",
    "verification": "not_run"
  },
  "setup_advisories": [],
  "timeline": [
    "已扫描仓库结构和关键元数据文件。",
    "已提取 README 中的代码块和 shell 风格命令。",
    "已将 `evaluation` 选为最小可信目标。",
    "已准备保守的环境与资源假设。",
    "已尝试选定的文档命令。"
  ],
  "assumptions": [
    "README remains the primary source of truth.",
    "Environment creation should prefer isolated setup before any semantic code changes.",
    "Model architecture should remain unchanged unless the researcher explicitly requests otherwise."
  ],
  "unverified_inferences": [
    "Asset and dataset hints remain conservative until the repo or README confirms the exact path layout."
  ],
  "evidence": [
    "检测到的文件：README.md, setup.py",
    "命令分类：{\"other\": 1, \"evaluation\": 1}",
    "已选命令类型：run",
    "Environment file: setup.py"
  ],
  "blockers": [
    "无。"
  ],
  "protocol_deviations": [],
  "human_decisions_required": [],
  "artifact_provenance": [
    {
      "artifact": "readme",
      "source": "D:\\test_projects\\ai-paper-reproduction-skill\\repro_outputs\\fresh-user-20260913\\B\\repo\\README.md",
      "kind": "repo_file"
    },
    {
      "artifact": "documented_command",
      "source": "code_block",
      "kind": "readme_extraction"
    },
    {
      "artifact": "environment_plan",
      "source": "setup.py",
      "kind": "setup_plan"
    },
    {
      "artifact": "asset_manifest",
      "source": "artifacts/assets/asset_manifest.json",
      "kind": "generated"
    },
    {
      "artifact": "output_dir",
      "source": "repro_outputs/",
      "kind": "generated"
    }
  ],
  "notes": [
    "Detected environment file `setup.py`.",
    "Detected a setup.py-based editable install flow.",
    "STDOUT:\n============================= test session starts =============================\nplatform win32 -- Python 3.12.7, pytest-7.4.4, pluggy-1.6.0\nrootdir: D:\\test_projects\\ai-paper-reproduction-skill\\repro_outputs\\fresh-user-20260913\\B\\repo\ncollected 2 items\n\ntest\\test_engine.py ..                                                   [100%]\n\n============================= 2 passed in 14.45s =============================="
  ],
  "patches_applied": false,
  "patch_branch": "",
  "readme_fidelity": "preserved",
  "highest_patch_risk": "low",
  "verified_commits": [],
  "validation_summary": "",
  "patch_notes": [],
  "full_training_authorized": false,
  "requires_full_training_confirmation": false,
  "run_mode": null,
  "resume_from": null,
  "dataset": "unknown",
  "checkpoint_source": "none",
  "full_training_command": null,
  "training_duration_hint": null,
  "max_steps": null,
  "completed_steps": null,
  "best_metric": null,
  "best_checkpoint": null,
  "stop_reason": null,
  "last_epoch": null,
  "last_step": null,
  "observed_metrics": {},
  "result_match": {
    "status": "not_evaluated",
    "reason": "No explicit expected metrics were supplied.",
    "absolute_tolerance": 0.0,
    "comparisons": []
  },
  "checkpoint_candidates": [],
  "monitoring_scope": null,
  "execution_mode": "direct",
  "runtime_run_id": "20260913T125713Z-fd901d8d",
  "runtime_dir": "D:\\test_projects\\ai-paper-reproduction-skill\\repro_outputs\\fresh-user-20260913\\B\\repo\\repro_outputs\\_runtime\\20260913T125713Z-fd901d8d",
  "runtime_status": "success",
  "runtime_state_path": "D:\\test_projects\\ai-paper-reproduction-skill\\repro_outputs\\fresh-user-20260913\\B\\repo\\repro_outputs\\_runtime\\20260913T125713Z-fd901d8d\\state.json",
  "runtime_events_path": "D:\\test_projects\\ai-paper-reproduction-skill\\repro_outputs\\fresh-user-20260913\\B\\repo\\repro_outputs\\_runtime\\20260913T125713Z-fd901d8d\\events.jsonl",
  "stdout_log_path": "D:\\test_projects\\ai-paper-reproduction-skill\\repro_outputs\\fresh-user-20260913\\B\\repo\\repro_outputs\\_runtime\\20260913T125713Z-fd901d8d\\stdout.log",
  "stderr_log_path": "D:\\test_projects\\ai-paper-reproduction-skill\\repro_outputs\\fresh-user-20260913\\B\\repo\\repro_outputs\\_runtime\\20260913T125713Z-fd901d8d\\stderr.log",
  "stdout_truncated": false,
  "stderr_truncated": false,
  "cancelled": false,
  "duration_seconds": 15.625,
  "runtime_attempt": 1,
  "runtime_retry_of": null,
  "resources_log_path": "D:\\test_projects\\ai-paper-reproduction-skill\\repro_outputs\\fresh-user-20260913\\B\\repo\\repro_outputs\\_runtime\\20260913T125713Z-fd901d8d\\resources.jsonl",
  "resource_summary": {
    "scope": "root_process_and_optional_device_global",
    "samples": 16,
    "max_root_process_rss_bytes": 530800640,
    "max_root_process_cpu_seconds": 5.8125,
    "gpu_sampling_available": false,
    "max_device_gpu_memory_used_mib": {}
  },
  "model_adapter": {
    "schema_version": "1.0",
    "status": "unconfigured",
    "adapter_id": "external-agent",
    "provider": "host",
    "model": "unspecified",
    "revision": null,
    "capabilities": [],
    "endpoint": null,
    "credential_env": null,
    "parameters": {},
    "metadata": {},
    "fingerprint": "ad285507d7850f1f8108ddd22e965d9fbe8980e71ce91b1769c859a6d733da62"
  },
  "annotated_readme": "D:\\test_projects\\ai-paper-reproduction-skill\\repro_outputs\\fresh-user-20260913\\B\\repo\\repro_outputs\\ANNOTATED_README.md",
  "readme_section_coverage": {
    "success": 1,
    "partial": 0,
    "blocked": 0,
    "decision": 0,
    "info": 1,
    "readonly": 6,
    "total_sections": 8,
    "tiers": {
      "code-development": 1,
      "execution": 1
    },
    "reproduction_score": 0.812,
    "annotation_count": 8,
    "original_sha256": "d9d2ec92f63d8deae6260bd2a535a5e633566b73169ccde0a416a5b0cd3f4118",
    "stripped_sha256": "d9d2ec92f63d8deae6260bd2a535a5e633566b73169ccde0a416a5b0cd3f4118",
    "round_trip_verified": true,
    "source_readme": "D:\\test_projects\\ai-paper-reproduction-skill\\repro_outputs\\fresh-user-20260913\\B\\repo\\README.md",
    "source_bytes": 3009,
    "source_adjacent_readme": {
      "status": "written",
      "schema_version": "1.0",
      "source_readme": "D:\\test_projects\\ai-paper-reproduction-skill\\repro_outputs\\fresh-user-20260913\\B\\repo\\README.md",
      "path": "D:\\test_projects\\ai-paper-reproduction-skill\\repro_outputs\\fresh-user-20260913\\B\\repo\\RIGORPILOT_README.md",
      "sha256": "ae6833bf03a73e8fea7390748f66d154f8455539f8381cad13004881bc50ac66",
      "round_trip_verified": true
    }
  },
  "source_adjacent_readme": {
    "status": "written",
    "schema_version": "1.0",
    "source_readme": "D:\\test_projects\\ai-paper-reproduction-skill\\repro_outputs\\fresh-user-20260913\\B\\repo\\README.md",
    "path": "D:\\test_projects\\ai-paper-reproduction-skill\\repro_outputs\\fresh-user-20260913\\B\\repo\\RIGORPILOT_README.md",
    "sha256": "ae6833bf03a73e8fea7390748f66d154f8455539f8381cad13004881bc50ac66",
    "round_trip_verified": true
  },
  "lesson_recorded": null
}
