{
  "schema_version": "1.0",
  "mode": "verify_only",
  "evidence_valid": true,
  "task_status": "success",
  "runtime_status": "success",
  "result_match": "not_evaluated",
  "checks": {
    "status_file": true,
    "target_repo": true,
    "runtime": true,
    "readme_round_trip": true,
    "invocation": true,
    "source_current": true,
    "evidence_manifest": true
  },
  "source_integrity": {
    "status": "verified",
    "unchanged": true,
    "tracked_file_count": 13,
    "untracked_source_file_count_before": 27,
    "untracked_source_file_count_after": 27,
    "before_sha256": "a7fd8673ca5c2cddfb2454e923efb9cbc15d9e7a3f68291797b37c357d48b9b1",
    "after_sha256": "a7fd8673ca5c2cddfb2454e923efb9cbc15d9e7a3f68291797b37c357d48b9b1",
    "changed_files": [],
    "changed_tracked_files": [],
    "changed_untracked_source_files": [],
    "unexpected_added_source_files": [],
    "modified_untracked_source_files": [],
    "removed_untracked_source_files": [],
    "ignored_untracked_roots": [
      "artifacts/assets",
      "repro_outputs",
      "repro_outputs/_runtime",
      "train_outputs"
    ]
  },
  "evidence_manifest": {
    "valid": true,
    "manifest_path": "D:\\test_projects\\ai-paper-reproduction-skill\\benchmark_outputs\\real_client\\20260922\\AUTO\\repo\\repro_outputs\\evidence_manifest.json",
    "files": {
      "summary": true,
      "status": true,
      "commands": true,
      "log": true,
      "scientific_changelog": true,
      "comparability_report": true,
      "invocation": true,
      "runtime_state": true,
      "runtime_stdout": true,
      "runtime_stderr": true,
      "runtime_spec": true,
      "runtime_events": true,
      "runtime_resources": true,
      "annotated_readme": true,
      "source_readme": true,
      "source_adjacent_readme": true,
      "readme_delivery": true
    },
    "coverage": "complete_manifest_v1_1"
  },
  "status_path": "D:\\test_projects\\ai-paper-reproduction-skill\\benchmark_outputs\\real_client\\20260922\\AUTO\\repo\\repro_outputs\\status.json",
  "error": null
}
